Vercel CLI 54.19.0 (Node.js 24.13.0)
Retrieving project…
Deploying dee123/health-asset-tracker
  Inspect         https://vercel.com/dee123/health-asset-tracker/EBbtCYPrgByRW6peDdL8XUdjBZ4R
  Preview         https://health-asset-tracker-7laesvpal-dee123.vercel.app
https://health-asset-tracker-7laesvpal-dee123.vercel.appBuilding…
Building…
Running build in Washington, D.C., USA (East) – iad1
Build machine configuration: 2 cores, 8 GB
Retrieving list of deployment files...
Previous build caches not available.
Downloading 147 deployment files...
Warning: "vercel" found in project dependencies and will be ignored.
Running "vercel build"
Vercel CLI 54.19.0
Detected `pnpm-lock.yaml` 9 which may be generated by pnpm@9.x or pnpm@10.x
Using pnpm@10.x based on project creation date
To use pnpm@9.x, manually opt in using corepack (https://vercel.com/docs/deployments/configure-a-build#corepack)
Installing dependencies...
Scope: all 6 workspace projects
Lockfile is up to date, resolution step is skipped
Progress: resolved 1, reused 0, downloaded 0, added 0
Packages: +525
++++++++++++++++++++++++++++++++++++++++++++++++++++++++++++++++++++++++++++++++
Progress: resolved 525, reused 0, downloaded 51, added 14
Progress: resolved 525, reused 0, downloaded 177, added 69
Progress: resolved 525, reused 0, downloaded 259, added 99
Progress: resolved 525, reused 0, downloaded 350, added 131
Progress: resolved 525, reused 0, downloaded 472, added 175
Progress: resolved 525, reused 0, downloaded 525, added 260
Progress: resolved 525, reused 0, downloaded 525, added 525, done
.../esbuild@0.27.3/node_modules/esbuild postinstall$ node install.js
.../esbuild@0.27.3/node_modules/esbuild postinstall: Done
devDependencies:
+ prettier 3.8.3
+ typescript 5.9.3
+ vercel 54.19.0
. preinstall$ sh -c 'rm -f package-lock.json yarn.lock; case "$npm_config_user_agent" in pnpm/*) ;; *) echo "Use pnpm instead" >&2; exit 1 ;; esac'
. preinstall: Done
Done in 8.3s using pnpm v10.28.0
Running "pnpm run build"
> workspace@0.0.0 build /vercel/path0
> pnpm run typecheck && pnpm -r --if-present run build
> workspace@0.0.0 typecheck /vercel/path0
> pnpm run typecheck:libs && pnpm -r --filter "./artifacts/**" --filter "./scripts" --if-present run typecheck
> workspace@0.0.0 typecheck:libs /vercel/path0
> tsc --build
No projects matched the filters "/vercel/path0/scripts" in "/vercel/path0"
> @workspace/api-server@0.0.0 typecheck /vercel/path0/artifacts/api-server
> tsc -p tsconfig.json --noEmit
Scope: 5 of 6 workspace projects
artifacts/api-server build$ node ./build.mjs
artifacts/api-server build:   dist/index.mjs                       2.4mb ⚠️
artifacts/api-server build:   dist/app.mjs                         2.4mb ⚠️
artifacts/api-server build:   dist/pino-worker.mjs               153.4kb
artifacts/api-server build:   dist/pino-file.mjs                 142.0kb
artifacts/api-server build:   dist/pino-pretty.mjs               114.6kb
artifacts/api-server build:   dist/thread-stream-worker.mjs        7.3kb
artifacts/api-server build:   dist/index.mjs.map                   4.1mb
artifacts/api-server build:   dist/app.mjs.map                     4.1mb
artifacts/api-server build:   dist/pino-worker.mjs.map           256.9kb
artifacts/api-server build:   dist/pino-file.mjs.map             229.0kb
artifacts/api-server build:   dist/pino-pretty.mjs.map           204.0kb
artifacts/api-server build:   dist/thread-stream-worker.mjs.map   12.0kb
artifacts/api-server build: ⚡ Done in 609ms
artifacts/api-server build: Done
Detected `pnpm-lock.yaml` 9 which may be generated by pnpm@9.x or pnpm@10.x
Using pnpm@10.x based on project creation date
To use pnpm@9.x, manually opt in using corepack (https://vercel.com/docs/deployments/configure-a-build#corepack)
Warning: Node.js functions are compiled from ESM to CommonJS. If this is not intended, add "type": "module" to your package.json file.
Compiling "index.js" from ESM to CommonJS...
Build Completed in /vercel/output [22s]
Deploying outputs...
[2K[1A[2K[G  Preview         https://health-asset-tracker-7laesvpal-dee123.vercel.app
Completing…

✓ Ready in 31s
To deploy to production (health-asset-tracker.vercel.app), run `vercel --prod`

Common next commands:
- `vercel inspect health-asset-tracker-7laesvpal-dee123.vercel.app --logs`
- `vercel redeploy health-asset-tracker-7laesvpal-dee123.vercel.app`
- `vercel deploy --prod`
