Vercel CLI 54.19.0 (Node.js 24.13.0)
Retrieving project…
Deploying dee123/health-asset-tracker
Uploading [--------------------] (0.0B/631B)
Uploading [====================] (631.0B/631B)
  Inspect         https://vercel.com/dee123/health-asset-tracker/5Q1dBw9ZM4joXu6T9zd7u53UbbnK
  Production      https://health-asset-tracker-ath0w3ijv-dee123.vercel.app
https://health-asset-tracker-ath0w3ijv-dee123.vercel.appBuilding…
Running build in Washington, D.C., USA (East) – iad1
Build machine configuration: 2 cores, 8 GB
Retrieving list of deployment files...
Retrieving list of deployment files...
Downloading 147 deployment files...
Restored build cache from previous deployment (9ZWp3mU2Zgn4ryB1NZ4ai5og7otJ)
Warning: "vercel" found in project dependencies and will be ignored.
Running "vercel build"
Vercel CLI 54.19.0
Detected `pnpm-lock.yaml` 9 which may be generated by pnpm@9.x or pnpm@10.x
Using pnpm@10.x based on project creation date
To use pnpm@9.x, manually opt in using corepack (https://vercel.com/docs/deployments/configure-a-build#corepack)
Installing dependencies...
Scope: all 6 workspace projects
Lockfile is up to date, resolution step is skipped
Already up to date
. preinstall$ sh -c 'rm -f package-lock.json yarn.lock; case "$npm_config_user_agent" in pnpm/*) ;; *) echo "Use pnpm instead" >&2; exit 1 ;; esac'
. preinstall: Done
Done in 1.6s using pnpm v10.28.0
Running "pnpm run build"
> workspace@0.0.0 build /vercel/path0
> pnpm run typecheck && pnpm -r --if-present run build
> workspace@0.0.0 typecheck /vercel/path0
> pnpm run typecheck:libs && pnpm -r --filter "./artifacts/**" --filter "./scripts" --if-present run typecheck
> workspace@0.0.0 typecheck:libs /vercel/path0
> tsc --build
No projects matched the filters "/vercel/path0/scripts" in "/vercel/path0"
> @workspace/api-server@0.0.0 typecheck /vercel/path0/artifacts/api-server
> tsc -p tsconfig.json --noEmit
Scope: 5 of 6 workspace projects
artifacts/api-server build$ node ./build.mjs
artifacts/api-server build:   dist/index.mjs                       2.4mb ⚠️
artifacts/api-server build:   dist/app.mjs                         2.4mb ⚠️
artifacts/api-server build:   dist/pino-worker.mjs               153.4kb
artifacts/api-server build:   dist/pino-file.mjs                 142.0kb
artifacts/api-server build:   dist/pino-pretty.mjs               114.6kb
artifacts/api-server build:   dist/thread-stream-worker.mjs        7.3kb
artifacts/api-server build:   dist/index.mjs.map                   4.1mb
artifacts/api-server build:   dist/app.mjs.map                     4.1mb
artifacts/api-server build:   dist/pino-worker.mjs.map           256.9kb
artifacts/api-server build:   dist/pino-file.mjs.map             229.0kb
artifacts/api-server build:   dist/pino-pretty.mjs.map           204.0kb
artifacts/api-server build:   dist/thread-stream-worker.mjs.map   12.0kb
artifacts/api-server build: ⚡ Done in 619ms
artifacts/api-server build: Done
Detected `pnpm-lock.yaml` 9 which may be generated by pnpm@9.x or pnpm@10.x
Using pnpm@10.x based on project creation date
To use pnpm@9.x, manually opt in using corepack (https://vercel.com/docs/deployments/configure-a-build#corepack)
Build Completed in /vercel/output [15s]
Deploying outputs...
Deployment completed
Creating build cache...
[2K[1A[2K[G  Production      https://health-asset-tracker-ath0w3ijv-dee123.vercel.app
Completing…
▲ Aliased         https://health-asset-tracker.vercel.app

✓ Ready in 33s

Common next commands:
- `vercel inspect health-asset-tracker-ath0w3ijv-dee123.vercel.app --logs`
- `vercel redeploy health-asset-tracker-ath0w3ijv-dee123.vercel.app`
